---
source: src/tui/render_tests.rs
expression: text
---
"╭─────────────────────────────────imgfind-cli──────────────────────────────────╮"
"│                                                                              │"
"│                                                                              │"
"│                                                                              │"
"│                                                                              │"
"│                                                                              │"
"│                                                                              │"
"│                                                                              │"
"│                                                                              │"
"│                                                                              │"
"│                                                                              │"
"│                                                                              │"
"│                                                                              │"
"│                                                                              │"
"│                                                                              │"
"│                                                                              │"
"│                                                                              │"
"│                                                                              │"
"│                                                                              │"
"│ ┌Search query──────────────────────────────────────────────────────────────┐ │"
"│ │sunset                                                                    │ │"
"│ └──────────────────────────────────────────────────────────────────────────┘ │"
"│                                                                              │"
"╰──────────────────────────────────────────────────────────────────────────────╯"
