---
source: src/tui/render_tests.rs
expression: out
---
"╭─────────────────────────────────imgfind-cli──────────────────────────────────╮"
"│                                                                              │"
"│                                                                              │"
"│                                                                              │"
"│                                                                              │"
"│                                                                              │"
"│                                                                              │"
"│                                                                              │"
"│                                                                              │"
"│                                                                              │"
"│                                                                              │"
"│                                                                              │"
"│                                                                              │"
"│                                                                              │"
"│                                                                              │"
"│                                                                              │"
"│                                                                              │"
"│                                                                              │"
"│                                                                              │"
"│ ┌Search query──────────────────────────────────────────────────────────────┐ │"
"│ │                                                                          │ │"
"│ └──────────────────────────────────────────────────────────────────────────┘ │"
"│                                                                              │"
"╰──────────────────────────────────────────────────────────────────────────────╯"
